// Jest Snapshot v1, https://goo.gl/fbAQLP

exports[`CenterMode Tests Counting test 1`] = `"[object Undefined]"`;
