// Jest Snapshot v1, https://goo.gl/fbAQLP

exports[`FocusOnSelect Tests Activity Test 1`] = `"[object Undefined]"`;

exports[`FocusOnSelect Tests Activity Test 2`] = `"[object Undefined]"`;
